--------------------------------------------------------------------------------------
Timing Analyzer Summary
--------------------------------------------------------------------------------------

Type           : Worst-case tsu
Slack          : N/A
Required Time  : None
Actual Time    : 7.429 ns
From           : start_stop
To             : Generic_counter:Counter_HZ|inc_v[26]
From Clock     : --
To Clock       : clock
Failed Paths   : 0

Type           : Worst-case tco
Slack          : N/A
Required Time  : None
Actual Time    : 11.400 ns
From           : Double_dabble_seq:dabble_secondes|ones_o[2]
To             : seg_secondes_s[4]
From Clock     : clock
To Clock       : --
Failed Paths   : 0

Type           : Worst-case th
Slack          : N/A
Required Time  : None
Actual Time    : 2.948 ns
From           : start_stop
To             : Generic_counter:Counter_minutes|lock_v
From Clock     : --
To Clock       : clock
Failed Paths   : 0

Type           : Clock Setup: 'clock'
Slack          : N/A
Required Time  : None
Actual Time    : 124.97 MHz ( period = 8.002 ns )
From           : Generic_counter:Counter_minutes|inc_v[0]
To             : Double_dabble_seq:dabble_minutes|a_v[0]~_emulated
From Clock     : clock
To Clock       : clock
Failed Paths   : 0

Type           : Total number of failed paths
Slack          : 
Required Time  : 
Actual Time    : 
From           : 
To             : 
From Clock     : 
To Clock       : 
Failed Paths   : 0

--------------------------------------------------------------------------------------

